2USc5uhOHOdt2tLOOzrsLEF5RC2ASrPLcXTkQoje1ZNn8vSx9pFH40 
2USc5uhOHOdt2tLOOzrsLEF5RC2ASrPLcXTkQoje1ZNn8vSx9pFH40 
