1ZOj2txr8JAGRMtE4nhl18cVWsSWO2BzL6UAdOxEXBfCj6yx5jsgsF6kPr 
