cdHNvPquxDsiMPaS3txN9f4PJfLDDJANgIU thickBlackBorder 
