2mgRh VBVmKqw6cUaWQsldfGmB6IuFGWhzENAqUnr2cCZvTuERlLvQ5CUvO8C526 1DJzUPNDjXzGkhy7P4P7qwe5uJt0jrU2S3qEu 
