vsMpsIfhNb0Tz38QDIQH 
shRsAd0R 
Y6xNXUOdEI1q6kJaCV0AM5ohwEqEQ08Ik0WT8vIzl5r 
