xjstpXfGkYve1wXL 
xjstpXfGkYve1wXL 
HpdBd5ZPont0K5fa0vtExQ4xkYocNx1kf6fzRFup0oV6v5 
