B2UHv4OWNaZ3GWEjmhvbuG 
B2UHv4OWNaZ3GWEjmhvbuG scrollBar 
B2UHv4OWNaZ3GWEjmhvbuG scrollBar thickBlackBorder thickBlackBorder thickBlackBorder 
B2UHv4OWNaZ3GWEjmhvbuG scrollBar thickBlackBorder thickBlackBorder thickBlackBorder 
B2UHv4OWNaZ3GWEjmhvbuG scrollBar thickBlackBorder thickBlackBorder thickBlackBorder 
B2UHv4OWNaZ3GWEjmhvbuG scrollBar thickBlackBorder thickBlackBorder thickBlackBorder 
