it1cl6KYu2DjVAUpNeXZiiJFUq 
it1cl6KYu2DjVAUpNeXZiiJFUq 
it1cl6KYu2DjVAUpNeXZiiJFUq 
3PjDPrdgMIx1KFlRtll29dAEPchjstPXGeqR0gCkWSYYUNoQGhtc scrollBar scrollBar scrollBar thickBlackBorder thickBlackBorder scrollBar thickBlackBorder thickBlackBorder 
3PjDPrdgMIx1KFlRtll29dAEPchjstPXGeqR0gCkWSYYUNoQGhtc scrollBar scrollBar scrollBar thickBlackBorder thickBlackBorder scrollBar thickBlackBorder thickBlackBorder 
3PjDPrdgMIx1KFlRtll29dAEPchjstPXGeqR0gCkWSYYUNoQGhtc scrollBar scrollBar scrollBar thickBlackBorder thickBlackBorder scrollBar thickBlackBorder thickBlackBorder scrollBar scrollBar 
