ybdjLVk6hliA3m3FPasauaMK8UquRhdeU9084r 
dp0eGPl9E4vV3f0bAur4ScVKWatc scrollBar scrollBar thickBlackBorder 
zu38FdETyosq9FKob6RPXo scrollBar scrollBar thickBlackBorder scrollBar thickBlackBorder thickBlackBorder 
zu38FdETyosq9FKob6RPXo scrollBar scrollBar thickBlackBorder scrollBar thickBlackBorder thickBlackBorder scrollBar 
zu38FdETyosq9FKob6RPXo scrollBar scrollBar thickBlackBorder scrollBar thickBlackBorder thickBlackBorder scrollBar 
zu38FdETyosq9FKob6RPXo scrollBar scrollBar thickBlackBorder scrollBar thickBlackBorder thickBlackBorder scrollBar 
