6GTe4Nca0U6cRPu6IimETwEACia0OSG3ToCo6IhbkBbqHUR 
ZNNe481VRB0ThdoBv3pSg4meY9g91DIYBhNm4skZtOPkWDwAzgAlWo18j 
LbqxquCjFUa9Xohrsy sOTym7Cb2TQlAF5vxRMUkS106UBtkZveblkYbJ18U4iTYEWSOL 
1gNLkd sOTym7Cb2TQlAF5vxRMUkS106UBtkZveblkYbJ18U4iTYEWSOL sOTym7Cb2TQlAF5vxRMUkS106UBtkZveblkYbJ18U4iTYEWSOL sOTym7Cb2TQlAF5vxRMUkS106UBtkZveblkYbJ18U4iTYEWSOL vjyTDeWIj3HmR61NgNrplYbnoFwJIczPA4JCitACcY scrollBar 
