chrJw1sZ37wdrUHrTxiizUdZIe84vq4IdV1URK9z6iAcaHRoT1P7r9zLt 
chrJw1sZ37wdrUHrTxiizUdZIe84vq4IdV1URK9z6iAcaHRoT1P7r9zLt 
chrJw1sZ37wdrUHrTxiizUdZIe84vq4IdV1URK9z6iAcaHRoT1P7r9zLt 
chrJw1sZ37wdrUHrTxiizUdZIe84vq4IdV1URK9z6iAcaHRoT1P7r9zLt 
chrJw1sZ37wdrUHrTxiizUdZIe84vq4IdV1URK9z6iAcaHRoT1P7r9zLt thickBlackBorder scrollBar 
U3Q2S3tLGWkx thickBlackBorder scrollBar 
U3Q2S3tLGWkx thickBlackBorder scrollBar scrollBar 
U3Q2S3tLGWkx thickBlackBorder scrollBar scrollBar 
U3Q2S3tLGWkx thickBlackBorder scrollBar scrollBar 
