WMe89yVRAllJtFofIOOKqsMrWl9eSoyxJV7G0i9 
1Drr2yl34 
xXaDyOkGjRgFYefOFCVvybr4M8M56Z8Q3wkbmv1xigpCUDHxb 
