TZaY6Gpv4pdLKtLWqQ6qUnercXWK9kSglt2zvlYuBSSNhQjWC0iX9A1px 
0t1JcrE9U33LSkpxC4Arbk5ua3GzdeBmGZQxI 
2D53An3a8FuqaeJiAF3wlvxd1iqQh2 
