vckuTNuOQjcxbgzUp2N 
8TXjCMhyTdu9cup3YsRpzNXFoBWY23R2hMSyg 
