BUbSYVU9OWma3kEP3s1tgOyPJ2puaRODfP0fXHBrjL 
XUaUPm 
HQJL0KOwLqN0lLZB13JUQ4MB1mEOnu5nIorIFqn 
