GdhnIrbT5i8oDzPpnwWSKLgAyZDhMAm8TBHfY1kcadW 
zUCzH9YypM43eviK 
