WpvpnxECRdCagBVRqUS1FJ8TAI83WtUxgoPFDzFWuiVJfE 
1h6njgWR5Ynu26OBl2oe9Umg9 
