WwrXCaWMKoxXxQFxQjUWwODV9jxFfEYcRbopHR7xhSGfPBfG 
